--- Starting Extended Auth Tests ---

1. Registering User 1 with Wallet1_1764618899268...
SUCCESS: User registered 1

2. Setting Nickname for User 1...
SUCCESS: Nickname set to User_1764618903462

3. Linking Wallet 2 (Wallet2_1764618899271)...
SUCCESS: Wallet 2 linked

4. Verifying Profile...
SUCCESS: Profile shows 2 linked wallets
 - Wallet1_1764618899268 (Primary: 1)
 - Wallet2_1764618899271 (Primary: 0)

5. Logging in with Wallet 2...
SUCCESS: Logged in as User 1 using Wallet 2

6. Setting Wallet 2 as Primary...
SUCCESS: Wallet 2 set as primary

7. Unlinking Wallet 1...
SUCCESS: Wallet 1 unlinked

--- Tests Completed ---
